RAM Allocation [bytes]
Variable                                                                          Address   Size
------------------------------------------------------------------------------------------------
Uint_data_led1                                                                    0x0200       2
Uint_data_led2                                                                    0x0202       2
Uint_data_led3                                                                    0x0204       2
Uint_data_led4                                                                    0x0206       2
Uint_U_Positive_Buff                                                              0x0208      60
Uint_U_Negative_Buff                                                              0x0244      60
Uint_I_Positive_Buff                                                              0x0280      60
Uint_I_Negative_Buff                                                              0x02BC      60
Uint_Turnoff_relay_timer                                                          0x02F8       2
Uint_Timer_Display                                                                0x02FA       2
Uint_warning_count                                                                0x02FC       2
BCDLED                                                                            0x02FE      12

EEPROM Allocation [bytes]
Variable                                                                          Address   Size
------------------------------------------------------------------------------------------------

Register Allocation
Variable                                                                          Register  Size
------------------------------------------------------------------------------------------------
Uc_I_Positive_Over                                                                R5           1
Uc_U_Positive_Over                                                                R4           1
Uc_I_Negative_Over                                                                R7           1
Uc_U_Negative_Over                                                                R6           1
Uc_I_Positive_Under                                                               R9           1
Uc_U_Positive_Under                                                               R8           1
Uc_I_Negative_Under                                                               R11          1
Uc_U_Negative_Under                                                               R10          1
Uc_Buffer_count                                                                   R13          1
Bit_I_Positive_Warning                                                            GPIOR0.4  1bit
Bit_U_Positive_Warning                                                            GPIOR0.5  1bit
Bit_I_Negative_Warning                                                            GPIOR0.6  1bit
Bit_U_Negative_Warning                                                            GPIOR0.7  1bit
Bit_led_1_warning                                                                 GPIOR0.0  1bit
Bit_led_2_warning                                                                 GPIOR0.1  1bit
Bit_led_3_warning                                                                 GPIOR0.2  1bit
Bit_led_4_warning                                                                 GPIOR0.3  1bit
Uc_Select_led                                                                     R12          1

FLASH Allocation [words]
Function                                                                          Address   Size
------------------------------------------------------------------------------------------------
timer1_ovf_isr                                                                    0x0005A     40
read_adc                                                                          0x00082     27
PROTECT                                                                           0x0009D    378
main                                                                              0x00217     93
SEND_DATA_LED                                                                     0x00274     41
SCAN_LED                                                                          0x0029D    229
SPI_SENDBYTE                                                                      0x00382     29
