RAM Allocation [bytes]
Variable                                                                          Address   Size
------------------------------------------------------------------------------------------------
Uint_data_led1                                                                    0x0200       2
Uint_data_led2                                                                    0x0202       2
Uint_data_led3                                                                    0x0204       2
Uint_data_led4                                                                    0x0206       2
Uc_Select_led                                                                     0x0208       1
BCDLED                                                                            0x0209      11

EEPROM Allocation [bytes]
Variable                                                                          Address   Size
------------------------------------------------------------------------------------------------

Register Allocation
Variable                                                                          Register  Size
------------------------------------------------------------------------------------------------
Uc_I_Positive_Over                                                                R5           1
Uc_U_Positive_Over                                                                R4           1
Uc_I_Negative_Over                                                                R7           1
Uc_U_Negative_Over                                                                R6           1
Uc_I_Positive_Under                                                               R9           1
Uc_U_Positive_Under                                                               R8           1
Uc_I_Negative_Under                                                               R11          1
Uc_U_Negative_Under                                                               R10          1
Bit_I_Positive_Warning                                                            GPIOR0.0  1bit
Bit_U_Positive_Warning                                                            GPIOR0.1  1bit
Bit_I_Negative_Warning                                                            GPIOR0.2  1bit
Bit_U_Negative_Warning                                                            GPIOR0.3  1bit
Uint_Timer_Display                                                                R12,R13      2

FLASH Allocation [words]
Function                                                                          Address   Size
------------------------------------------------------------------------------------------------
timer1_ovf_isr                                                                    0x0005D     30
main                                                                              0x0007B     91
SEND_DATA_LED                                                                     0x000D6     41
SCAN_LED                                                                          0x000FF    134
SPI_SENDBYTE                                                                      0x00185     27
